11:42:31 **** Incremental Build of configuration Default for project Project_template_Y ****
make all 
[1;34mCompiling main.c[0m
[1;34mLinking build/Project_template.elf[0m
[1;34mCreating build/Project_template.hex[0m
[1;34mCreating build/Project_template.bin[0m
[1;34mCreating build/Project_template.dmp[0m

   text	   data	    bss	    dec	    hex	filename
  47908	   2948	   6236	  57092	   df04	build/Project_template.elf
[1;34mCreating build/Project_template.list[0m

[1;34mDone[0m

11:42:32 Build Finished. 0 errors, 0 warnings. (took 1s.146ms)

